Workers   : 10
White Wins: 1
Black Wins: 0
Draws     : 0
Moves/sec : 1.1646569719114364
All games:
1-0
