Workers   : 10
White Wins: 1
Black Wins: 2
Draws     : 2
Moves/sec : 21.738138889051918
All games:
1/2-1/2
1-0
1/2-1/2
0-1
0-1
