Workers   : 10
White Wins: 0
Black Wins: 0
Draws     : 1
Moves/sec : 4.786940670110086
All games:
1/2-1/2
