Workers   : 1
White Wins: 0
Black Wins: 0
Draws     : 1
Moves/sec : 1.7242356771557708
All games:
1/2-1/2
