Workers   : 1
White Wins: 0
Black Wins: 1
Draws     : 0
Moves/sec : 0.19330871152226112
All games:
0-1
