Workers   : 20
White Wins: 1
Black Wins: 0
Draws     : 0
Moves/sec : 6.00729901416959
All games:
1-0
