Workers   : 20
White Wins: 1
Black Wins: 0
Draws     : 0
Moves/sec : 1.7033036481404238
All games:
1-0
