Workers   : 20
White Wins: 2
Black Wins: 2
Draws     : 1
Moves/sec : 27.410983560480258
All games:
1/2-1/2
1-0
0-1
1-0
0-1
