Workers   : 30
White Wins: 0
Black Wins: 2
Draws     : 3
Moves/sec : 48.45967499319627
All games:
0-1
1/2-1/2
1/2-1/2
0-1
1/2-1/2
