Workers   : 30
White Wins: 1
Black Wins: 0
Draws     : 0
Moves/sec : 6.66521462838791
All games:
1-0
