Workers   : 30
White Wins: 1
Black Wins: 0
Draws     : 0
Moves/sec : 1.5231526074607837
All games:
1-0
