Workers   : 40
White Wins: 0
Black Wins: 2
Draws     : 3
Moves/sec : 65.06986625082946
All games:
1/2-1/2
1/2-1/2
0-1
0-1
1/2-1/2
