Workers   : 40
White Wins: 1
Black Wins: 0
Draws     : 0
Moves/sec : 7.7918598751183525
All games:
1-0
