Workers   : 40
White Wins: 1
Black Wins: 0
Draws     : 0
Moves/sec : 1.103771011628884
All games:
1-0
