Workers   : 50
White Wins: 0
Black Wins: 0
Draws     : 1
Moves/sec : 9.573475932150565
All games:
1/2-1/2
