Workers   : 50
White Wins: 1
Black Wins: 0
Draws     : 0
Moves/sec : 1.444475700166995
All games:
1-0
