Workers   : 5
White Wins: 0
Black Wins: 0
Draws     : 1
Moves/sec : 0.5904400687750296
All games:
1/2-1/2
