Workers   : 5
White Wins: 3
Black Wins: 1
Draws     : 1
Moves/sec : 18.81999774584345
All games:
1/2-1/2
1-0
0-1
1-0
1-0
