Workers   : 5
White Wins: 0
Black Wins: 0
Draws     : 1
Moves/sec : 2.874249239174056
All games:
1/2-1/2
