Workers   : 60
White Wins: 1
Black Wins: 0
Draws     : 0
Moves/sec : 1.601660325052365
All games:
1-0
