Workers   : 60
White Wins: 0
Black Wins: 0
Draws     : 1
Moves/sec : 9.703387079089183
All games:
1/2-1/2
