Workers   : 60
White Wins: 3
Black Wins: 2
Draws     : 0
Moves/sec : 52.644014635604584
All games:
0-1
1-0
1-0
1-0
0-1
