Workers   : 70
White Wins: 1
Black Wins: 0
Draws     : 0
Moves/sec : 1.6243808704123215
All games:
1-0
