Workers   : 70
White Wins: 1
Black Wins: 3
Draws     : 1
Moves/sec : 53.47102858909847
All games:
0-1
1/2-1/2
1-0
0-1
0-1
