Workers   : 70
White Wins: 1
Black Wins: 0
Draws     : 0
Moves/sec : 8.504905102566537
All games:
1-0
