Workers   : 80
White Wins: 0
Black Wins: 0
Draws     : 1
Moves/sec : 10.16503175580463
All games:
1/2-1/2
