Workers   : 80
White Wins: 1
Black Wins: 3
Draws     : 1
Moves/sec : 48.68100410076658
All games:
1/2-1/2
0-1
0-1
0-1
1-0
