Workers   : 80
White Wins: 1
Black Wins: 0
Draws     : 0
Moves/sec : 1.652972584841768
All games:
1-0
