Workers   : 1
White Wins: 1
Black Wins: 2
Draws     : 2
Moves/sec : 7.7954557562077955
All games:
1/2-1/2
0-1
0-1
1/2-1/2
1-0
