Workers    : 50
White depth: 3
White Wins : 5
Black depth: 1
Black Wins : 0
Draws      : 0
Moves/sec  : 1.852381056816795
All games :
1-0
1-0
1-0
1-0
1-0
Workers    : 50
White depth: 3
White Wins : 5
Black depth: 1
Black Wins : 0
Draws      : 0
Moves/sec  : 2.072857641589922
All games :
1-0
1-0
1-0
1-0
1-0
Workers    : 50
White depth: 3
White Wins : 4
Black depth: 1
Black Wins : 0
Draws      : 1
Moves/sec  : 2.3942240009741296
All games :
1-0
1/2-1/2
1-0
1-0
1-0
Workers    : 50
White depth: 3
White Wins : 5
Black depth: 1
Black Wins : 0
Draws      : 0
Moves/sec  : 1.8233429376104935
All games :
1-0
1-0
1-0
1-0
1-0
Workers    : 50
White depth: 3
White Wins : 5
Black depth: 1
Black Wins : 0
Draws      : 0
Moves/sec  : 2.1361490422417693
All games :
1-0
1-0
1-0
1-0
1-0
Workers    : 50
White depth: 1
White Wins : 0
Black depth: 3
Black Wins : 4
Draws      : 1
Moves/sec  : 2.2923052418555696
All games :
0-1
1/2-1/2
0-1
0-1
0-1
Workers    : 50
White depth: 1
White Wins : 0
Black depth: 3
Black Wins : 5
Draws      : 0
Moves/sec  : 2.1075358497072867
All games :
0-1
0-1
0-1
0-1
0-1
Workers    : 50
White depth: 1
White Wins : 0
Black depth: 3
Black Wins : 5
Draws      : 0
Moves/sec  : 2.005857594957995
All games :
0-1
0-1
0-1
0-1
0-1
Workers    : 50
White depth: 1
White Wins : 0
Black depth: 3
Black Wins : 5
Draws      : 0
Moves/sec  : 1.9134897532988033
All games :
0-1
0-1
0-1
0-1
0-1
Workers    : 50
White depth: 1
White Wins : 0
Black depth: 3
Black Wins : 5
Draws      : 0
Moves/sec  : 1.8463869845265195
All games :
0-1
0-1
0-1
0-1
0-1
Workers    : 50
White depth: 3
White Wins : 1
Black depth: 3
Black Wins : 3
Draws      : 1
Moves/sec  : 1.082321458845185
All games :
0-1
0-1
0-1
1/2-1/2
1-0
Workers    : 50
White depth: 3
White Wins : 0
Black depth: 3
Black Wins : 4
Draws      : 1
Moves/sec  : 1.3050927822391303
All games :
0-1
0-1
0-1
0-1
1/2-1/2
Workers    : 50
White depth: 3
White Wins : 1
Black depth: 3
Black Wins : 4
Draws      : 0
Moves/sec  : 1.0938715419781044
All games :
0-1
0-1
1-0
0-1
0-1
Workers    : 50
White depth: 3
White Wins : 2
Black depth: 3
Black Wins : 3
Draws      : 0
Moves/sec  : 0.9831261512537056
All games :
0-1
0-1
1-0
0-1
1-0
